// Jest Snapshot v1, https://goo.gl/fbAQLP

exports[`Matches snapshots 1`] = `
<div
  className="MuiFormControl-root css-zhwqls-MuiFormControl-root"
/>
`;

exports[`Matches snapshots 2`] = `
<label
  className="MuiFormLabel-root MuiInputLabel-root MuiInputLabel-animated MuiFormLabel-colorPrimary MuiInputLabel-root MuiInputLabel-animated css-1cwep4a-MuiFormLabel-root-MuiInputLabel-root"
/>
`;

exports[`Matches snapshots 3`] = `
<div
  className="MuiInputBase-root MuiOutlinedInput-root MuiInputBase-colorPrimary css-1xetp59-MuiInputBase-root-MuiOutlinedInput-root-MuiSelect-root"
  onClick={[Function]}
>
  <div
    aria-controls=":r0:"
    aria-expanded="false"
    aria-haspopup="listbox"
    className="MuiSelect-select MuiSelect-outlined MuiInputBase-input MuiOutlinedInput-input css-11u53oe-MuiSelect-select-MuiInputBase-input-MuiOutlinedInput-input"
    onBlur={[Function]}
    onFocus={[Function]}
    onKeyDown={[Function]}
    onMouseDown={[Function]}
    role="combobox"
    tabIndex={0}
  >
    <span
      className="notranslate"
    >
      ​
    </span>
  </div>
  <input
    aria-hidden={true}
    aria-invalid={false}
    className="MuiSelect-nativeInput css-yf8vq0-MuiSelect-nativeInput"
    onAnimationStart={[Function]}
    onChange={[Function]}
    tabIndex={-1}
  />
  <svg
    aria-hidden={true}
    className="MuiSvgIcon-root MuiSvgIcon-fontSizeMedium MuiSelect-icon MuiSelect-iconOutlined css-hfutr2-MuiSvgIcon-root-MuiSelect-icon"
    data-testid="ArrowDropDownIcon"
    focusable="false"
    viewBox="0 0 24 24"
  >
    <path
      d="M7 10l5 5 5-5z"
    />
  </svg>
  <fieldset
    aria-hidden={true}
    className="MuiOutlinedInput-notchedOutline css-1d3z3hw-MuiOutlinedInput-notchedOutline"
  >
    <legend
      className="css-ihdtdm"
    >
      <span
        className="notranslate"
      >
        ​
      </span>
    </legend>
  </fieldset>
</div>
`;
